// Jest Snapshot v1, https://goo.gl/fbAQLP

exports[`matches snapshot 1 BoutonPanier 1`] = `
<div
  className="i_bouton_annuler2"
  data-testid="div_bouton_panier"
  id="elem_bouton_annuler2"
>
  <input
    data-testid="input_bouton_panier"
    id="bouton_annuler2"
    name="bout_annuler2"
    type="button"
    value="Retour"
  />
</div>
`;

exports[`matches snapshot 2 BoutonPanier 1`] = `
<div
  className="i_bouton_annuler2"
  data-testid="div_bouton_panier"
  id="elem_bouton_annuler2"
>
  <input
    data-testid="input_bouton_panier"
    id="bouton_annuler2"
    name="bout_annuler2"
    type="button"
    value="Retour"
  />
</div>
`;
