// Jest Snapshot v1, https://goo.gl/fbAQLP

exports[`matches snapshot 1 BoutonRadio 1`] = `
<div
  data-testid="div_bouton_radio"
>
  <input
    checked="yes"
    data-testid="input_bouton_radio"
    readOnly={true}
    type="radio"
  />
  <label
    className="label-info"
    data-testid="label_bouton_radio"
  />
</div>
`;
